******************************************************************************
               TMS320C6x Linker PC v7.4.14                     
******************************************************************************
>> Linked Mon Mar 23 13:58:48 2026

OUTPUT FILE NAME:   <myfirstProject1.out>
ENTRY POINT SYMBOL: "_c_int00"  address: 11801ea0


MEMORY CONFIGURATION

         name            origin    length      used     unused   attr    fill
----------------------  --------  ---------  --------  --------  ----  --------
  VECTORS               11800000   00000200  00000200  00000000  RWIX
  DSPRAM                11800200   0003fe00  00002464  0003d99c  RWIX
  SHAREDRAM             80000000   00020000  00000000  00020000  RWIX
  SDRAM                 c0000000   08000000  00000000  08000000  RWIX


SECTION ALLOCATION MAP

 output                                  attributes/
section   page    origin      length       input sections
--------  ----  ----------  ----------   ----------------
vectors    0    11800000    00000200     
                  11800000    00000200     vectors.obj (vectors)

.text      0    11800200    00001e40     
                  11800200    00000dc0     LCDK_Support_DSP.obj (.text)
                  11800fc0    00000420     ISRs.obj (.text:retain)
                  118013e0    000002e0     rts6740.lib : cos.obj (.text:_cos)
                  118016c0    00000280                 : sin.obj (.text:_sin)
                  11801940    000000c0                 : autoinit.obj (.text:__auto_init)
                  11801a00    000000c0                 : divu.obj (.text:__divu)
                  11801ac0    000000c0                 : exit.obj (.text:_exit)
                  11801b80    000000a0     ISRs.obj (.text)
                  11801c20    000000a0     rts6740.lib : round.obj (.text:__nround)
                  11801cc0    000000a0                 : cpy_tbl.obj (.text:_copy_in)
                  11801d60    000000a0                 : memcpy64.obj (.text:_memcpy)
                  11801e00    000000a0                 : modf.obj (.text:_modf)
                  11801ea0    00000080                 : boot.obj (.text:_c_int00)
                  11801f20    00000060                 : cpp_init.obj (.text:___TI_cpp_init)
                  11801f80    00000040                 : args_main.obj (.text:__args_main)
                  11801fc0    00000020     StartUp.obj (.text)
                  11801fe0    00000020     rts6740.lib : trunc.obj (.text:__trunc)
                  11802000    00000020                 : exit.obj (.text:_abort)
                  11802020    00000020     main.obj (.text)

.stack     0    11802040    00000400     UNINITIALIZED
                  11802040    00000008     rts6740.lib : boot.obj (.stack)
                  11802048    000003f8     --HOLE--

.cinit     0    11802440    00000114     
                  11802440    00000048     rts6740.lib : cos.obj (.cinit)
                  11802488    00000048                 : sin.obj (.cinit)
                  118024d0    0000003c     ISRs.obj (.cinit)
                  1180250c    00000004     --HOLE-- [fill = 0]
                  11802510    0000002c     rts6740.lib : exit.obj (.cinit)
                  1180253c    00000004     --HOLE-- [fill = 0]
                  11802540    0000000c     LCDK_Support_DSP.obj (.cinit)
                  1180254c    00000004     --HOLE-- [fill = 0]
                  11802550    00000004     (.pad.cinit) [fill = 0]

.far       0    11802558    000000b4     UNINITIALIZED
                  11802558    00000040     rts6740.lib : cos.obj (.far)
                  11802598    00000040                 : sin.obj (.far)
                  118025d8    00000028     ISRs.obj (.far)
                  11802600    0000000c     rts6740.lib : exit.obj (.far)

.switch    0    1180260c    00000038     
                  1180260c    00000020     ISRs.obj (.switch:_update_switch_time)
                  1180262c    00000018     LCDK_Support_DSP.obj (.switch:_SetSampleRate_AIC3106)

.bss       0    11802644    00000024     UNINITIALIZED
                  11802644    00000020     ISRs.obj (.bss)
                  11802664    00000004     LCDK_Support_DSP.obj (.bss)


GLOBAL SYMBOLS: SORTED ALPHABETICALLY BY Name 

address    name
--------   ----
11802644   $bss
11802644   .bss
11800200   .text
11802000   C$$EXIT
118008ec   _AIC3106_write_reg
11800674   _CheckForOverrun
118025d8   _CodecDataIn
118025dc   _CodecDataOut
11800fc0   _Codec_ISR
11800208   _DSP_Init
11800228   _DSP_Init_EDMA
1180040c   _EnableInterrupts
11800458   _EnableInterrupts_EDMA
11800200   _GetSampleFreq
118003a4   _InitDigitalOutputs
11800248   _InitLEDs
118006a4   _Init_AIC3106
118004cc   _Init_I2C
118003c8   _Init_Interrupts
11800448   _Init_Interrupts_EDMA
11800a98   _Init_McASP0
11800e28   _Init_UART2
11800f68   _IsDataReady_UART2
11800f8c   _IsTxReady_UART2
11800f08   _Puts_UART2
1180062c   _ReadCodecData
1180038c   _ReadSwitches
11800f48   _Read_UART2
11800928   _Reset_AIC3106
11800528   _Reset_I2C
11800950   _SetSampleRate_AIC3106
11801fc0   _StartUp
11802654   _T
11800650   _WriteCodecData
118003b0   _WriteDigitalOutputs
118002a8   _WriteLEDs
11800548   _Write_I2C
11800ee0   _Write_UART2
11802440   __STACK_END
00000400   __STACK_SIZE
00000001   __TI_args_main
11801f20   ___TI_cpp_init
11802608   ___TI_enable_exit_profile_output
ffffffff   ___TI_pprof_out_hndl
ffffffff   ___TI_prof_data_size
ffffffff   ___TI_prof_data_start
ffffffff   ___binit__
11802644   ___bss__
ffffffff   ___c_args__
11802440   ___cinit__
11802668   ___end__
11802040   ___etext__
ffffffff   ___pinit__
11800200   ___text__
11801f80   __args_main
11801940   __auto_init
11801a00   __c6xabi_divu
11802600   __cleanup_ptr
11801a00   __divu
11802604   __dtors_ptr
11801c20   __nround
11802040   __stack
11801fe0   __trunc
118025f8   _a
11802000   _abort
118025e8   _b
11801ea0   _c_int00
11801cc0   _copy_in
118013e0   _cos
11802658   _current_freq
118025e0   _dly
11801ac0   _exit
11802644   _input
11802020   _main
11801d60   _memcpy
11801e00   _modf
11802648   _pn
1180265c   _sample_count
118016c0   _sin
11802660   _switch_samples
11801b80   _update_switch_time
11802650   _w
11800498   _wait
1180264c   _yn
ffffffff   binit
11802440   cinit
11802668   end
11802040   etext
ffffffff   pinit


GLOBAL SYMBOLS: SORTED BY Symbol Address 

address    name
--------   ----
00000001   __TI_args_main
00000400   __STACK_SIZE
11800200   .text
11800200   _GetSampleFreq
11800200   ___text__
11800208   _DSP_Init
11800228   _DSP_Init_EDMA
11800248   _InitLEDs
118002a8   _WriteLEDs
1180038c   _ReadSwitches
118003a4   _InitDigitalOutputs
118003b0   _WriteDigitalOutputs
118003c8   _Init_Interrupts
1180040c   _EnableInterrupts
11800448   _Init_Interrupts_EDMA
11800458   _EnableInterrupts_EDMA
11800498   _wait
118004cc   _Init_I2C
11800528   _Reset_I2C
11800548   _Write_I2C
1180062c   _ReadCodecData
11800650   _WriteCodecData
11800674   _CheckForOverrun
118006a4   _Init_AIC3106
118008ec   _AIC3106_write_reg
11800928   _Reset_AIC3106
11800950   _SetSampleRate_AIC3106
11800a98   _Init_McASP0
11800e28   _Init_UART2
11800ee0   _Write_UART2
11800f08   _Puts_UART2
11800f48   _Read_UART2
11800f68   _IsDataReady_UART2
11800f8c   _IsTxReady_UART2
11800fc0   _Codec_ISR
118013e0   _cos
118016c0   _sin
11801940   __auto_init
11801a00   __c6xabi_divu
11801a00   __divu
11801ac0   _exit
11801b80   _update_switch_time
11801c20   __nround
11801cc0   _copy_in
11801d60   _memcpy
11801e00   _modf
11801ea0   _c_int00
11801f20   ___TI_cpp_init
11801f80   __args_main
11801fc0   _StartUp
11801fe0   __trunc
11802000   C$$EXIT
11802000   _abort
11802020   _main
11802040   ___etext__
11802040   __stack
11802040   etext
11802440   __STACK_END
11802440   ___cinit__
11802440   cinit
118025d8   _CodecDataIn
118025dc   _CodecDataOut
118025e0   _dly
118025e8   _b
118025f8   _a
11802600   __cleanup_ptr
11802604   __dtors_ptr
11802608   ___TI_enable_exit_profile_output
11802644   $bss
11802644   .bss
11802644   ___bss__
11802644   _input
11802648   _pn
1180264c   _yn
11802650   _w
11802654   _T
11802658   _current_freq
1180265c   _sample_count
11802660   _switch_samples
11802668   ___end__
11802668   end
ffffffff   ___TI_pprof_out_hndl
ffffffff   ___TI_prof_data_size
ffffffff   ___TI_prof_data_start
ffffffff   ___binit__
ffffffff   ___c_args__
ffffffff   ___pinit__
ffffffff   binit
ffffffff   pinit

[89 symbols]
