******************************************************************************
               TMS320C6x Linker PC v7.4.14                     
******************************************************************************
>> Linked Mon Apr 20 18:34:29 2026

OUTPUT FILE NAME:   <myfirstProject1.out>
ENTRY POINT SYMBOL: "_c_int00"  address: 118054a0


MEMORY CONFIGURATION

         name            origin    length      used     unused   attr    fill
----------------------  --------  ---------  --------  --------  ----  --------
  VECTORS               11800000   00000200  00000200  00000000  RWIX
  DSPRAM                11800200   0003fe00  00009ea4  00035f5c  RWIX
  SHAREDRAM             80000000   00020000  00000000  00020000  RWIX
  SDRAM                 c0000000   08000000  00000000  08000000  RWIX


SECTION ALLOCATION MAP

 output                                  attributes/
section   page    origin      length       input sections
--------  ----  ----------  ----------   ----------------
vectors    0    11800000    00000200     
                  11800000    00000200     vectors.obj (vectors)

.text      0    11800200    00005700     
                  11800200    00000dc0     LCDK_Support_DSP.obj (.text)
                  11800fc0    000005a0     rts6740.lib : divd.obj (.text:__divd)
                  11801560    00000580                 : _printfi.obj (.text:__getarg_diouxp)
                  11801ae0    00000520                 : _printfi.obj (.text:__setfield)
                  11802000    00000440     ANC.obj (.text)
                  11802440    00000440     rts6740.lib : _printfi.obj (.text:__printfi)
                  11802880    00000320                 : _printfi.obj (.text:__pproc_fge)
                  11802ba0    000002c0                 : _printfi.obj (.text:__pproc_fwp)
                  11802e60    000002c0     ISRs.obj (.text:retain)
                  11803120    000002a0     rts6740.lib : _printfi.obj (.text:_ecvt)
                  118033c0    000002a0                 : _printfi.obj (.text:_fcvt)
                  11803660    00000280                 : divf.obj (.text:__divf)
                  118038e0    00000260                 : imath64.obj (.text:__divull)
                  11803b40    00000260                 : _printfi.obj (.text:__pconv_e)
                  11803da0    00000240                 : _printfi.obj (.text:__pproc_diouxp)
                  11803fe0    00000220                 : _printfi.obj (.text:__pproc_str)
                  11804200    00000200                 : _printfi.obj (.text:__pconv_g)
                  11804400    000001c0                 : _printfi.obj (.text:__mcpy)
                  118045c0    000001a0                 : imath40.obj (.text:__divul)
                  11804760    00000140                 : _printfi.obj (.text:__pproc_fflags)
                  118048a0    00000120                 : _printfi.obj (.text:__ltostr)
                  118049c0    000000e0                 : atoi.obj (.text:_atoi)
                  11804aa0    000000e0                 : memset.obj (.text:_memset)
                  11804b80    000000c0                 : autoinit.obj (.text:__auto_init)
                  11804c40    000000c0                 : _printfi.obj (.text:__div)
                  11804d00    000000c0                 : divu.obj (.text:__divu)
                  11804dc0    000000c0                 : exit.obj (.text:_exit)
                  11804e80    000000c0                 : ltoa.obj (.text:_ltoa)
                  11804f40    000000a0                 : imath40.obj (.text:__divli)
                  11804fe0    000000a0                 : _printfi.obj (.text:__ecpy)
                  11805080    000000a0                 : _printfi.obj (.text:__fcpy)
                  11805120    000000a0                 : fixdli.obj (.text:__fixdli)
                  118051c0    000000a0                 : _printfi.obj (.text:__pconv_f)
                  11805260    000000a0                 : cpy_tbl.obj (.text:_copy_in)
                  11805300    000000a0                 : memcpy64.obj (.text:_memcpy)
                  118053a0    00000080                 : fltlid.obj (.text:__fltlid)
                  11805420    00000080                 : llshift.obj (.text:__llshl)
                  118054a0    00000080                 : boot.obj (.text:_c_int00)
                  11805520    00000060                 : cpp_init.obj (.text:___TI_cpp_init)
                  11805580    00000060                 : imath64.obj (.text:__subcull)
                  118055e0    00000060                 : memccpy.obj (.text:_memccpy)
                  11805640    00000060                 : sprintf.obj (.text:_sprintf)
                  118056a0    00000040                 : isinf.obj (.text:___isinf)
                  118056e0    00000040                 : _printfi.obj (.text:___isnan)
                  11805720    00000040                 : args_main.obj (.text:__args_main)
                  11805760    00000040                 : frcmpyd_div.obj (.text:__frcmpyd_div)
                  118057a0    00000040                 : llshift.obj (.text:__llshru)
                  118057e0    00000040                 : sprintf.obj (.text:__outs)
                  11805820    00000040                 : imath40.obj (.text:__remli)
                  11805860    00000040     main.obj (.text)
                  118058a0    00000020     rts6740.lib : negll.obj (.text:__negll)
                  118058c0    00000020                 : sprintf.obj (.text:__outc)
                  118058e0    00000020                 : exit.obj (.text:_abort)

.far       0    11805900    000041c4     UNINITIALIZED
                  11805900    000041b0     ANC.obj (.far)
                  11809ab0    0000000c     rts6740.lib : exit.obj (.far)
                  11809abc    00000008     ISRs.obj (.far)

.stack     0    11809ac8    00000400     UNINITIALIZED
                  11809ac8    00000008     rts6740.lib : boot.obj (.stack)
                  11809ad0    000003f8     --HOLE--

.const     0    11809ec8    00000144     
                  11809ec8    00000101     rts6740.lib : ctype.obj (.const:.string:__ctypes_)
                  11809fc9    00000023                 : _printfi.obj (.const:.string)
                  11809fec    00000020     ANC.obj (.const:.string)

.cinit     0    1180a010    00000074     
                  1180a010    0000002c     ANC.obj (.cinit)
                  1180a03c    00000004     --HOLE-- [fill = 0]
                  1180a040    0000002c     rts6740.lib : exit.obj (.cinit)
                  1180a06c    00000004     --HOLE-- [fill = 0]
                  1180a070    0000000c     LCDK_Support_DSP.obj (.cinit)
                  1180a07c    00000004     --HOLE-- [fill = 0]
                  1180a080    00000004     (.pad.cinit) [fill = 0]

.switch    0    1180a084    00000018     
                  1180a084    00000018     LCDK_Support_DSP.obj (.switch:_SetSampleRate_AIC3106)

.bss       0    1180a09c    00000010     UNINITIALIZED
                  1180a09c    0000000c     ANC.obj (.bss)
                  1180a0a8    00000004     LCDK_Support_DSP.obj (.bss)


GLOBAL SYMBOLS: SORTED ALPHABETICALLY BY Name 

address    name
--------   ----
1180a09c   $bss
1180a09c   .bss
11800200   .text
118058e0   C$$EXIT
118008ec   _AIC3106_write_reg
118022c4   _ANC_BufferPair
118020c4   _ANC_ClampFloat
11802000   _ANC_Init
1180210c   _ANC_ProcessSample
11802378   _ANC_StreamBufferedData
11800674   _CheckForOverrun
11809abc   _CodecDataIn
11809ac0   _CodecDataOut
11802e60   _Codec_ISR
11800208   _DSP_Init
11800228   _DSP_Init_EDMA
1180040c   _EnableInterrupts
11800458   _EnableInterrupts_EDMA
11800200   _GetSampleFreq
118003a4   _InitDigitalOutputs
11800248   _InitLEDs
118006a4   _Init_AIC3106
118004cc   _Init_I2C
118003c8   _Init_Interrupts
11800448   _Init_Interrupts_EDMA
11800a98   _Init_McASP0
11800e28   _Init_UART2
11800f68   _IsDataReady_UART2
11800f8c   _IsTxReady_UART2
11800f08   _Puts_UART2
1180062c   _ReadCodecData
1180038c   _ReadSwitches
11800f48   _Read_UART2
11800928   _Reset_AIC3106
11800528   _Reset_I2C
11800950   _SetSampleRate_AIC3106
11800650   _WriteCodecData
118003b0   _WriteDigitalOutputs
118002a8   _WriteLEDs
11800548   _Write_I2C
11800ee0   _Write_UART2
11809ec8   __STACK_END
00000400   __STACK_SIZE
11805860   __StartUp_
00000001   __TI_args_main
11805520   ___TI_cpp_init
11809ab8   ___TI_enable_exit_profile_output
ffffffff   ___TI_pprof_out_hndl
ffffffff   ___TI_prof_data_size
ffffffff   ___TI_prof_data_start
ffffffff   ___binit__
1180a09c   ___bss__
ffffffff   ___c_args__
1180a010   ___cinit__
1180a0ac   ___end__
11805900   ___etext__
118056a0   ___isinf
ffffffff   ___pinit__
11800200   ___text__
11805720   __args_main
11804b80   __auto_init
11804d00   __c6xabi_divu
11809ab0   __cleanup_ptr
11809ec8   __ctypes_
11800fc0   __divd
11803660   __divf
11804f40   __divli
11804d00   __divu
118045c0   __divul
118038e0   __divull
11809ab4   __dtors_ptr
11805120   __fixdli
118053a0   __fltlid
11805760   __frcmpyd_div
11805420   __llshl
118057a0   __llshru
118058a0   __negll
11802440   __printfi
11805820   __remli
11809ac8   __stack
11805580   __subcull
118058e0   _abort
118049c0   _atoi
118054a0   _c_int00
11805260   _copy_in
11804dc0   _exit
11805900   _g_anc
11805ab0   _g_logBuffer
1180a0a4   _g_logOverflow
1180a0a0   _g_logReadIdx
1180a09c   _g_logWriteIdx
11804e80   _ltoa
1180586c   _main
118055e0   _memccpy
11805300   _memcpy
11804aa0   _memset
11805640   _sprintf
11800498   _wait
ffffffff   binit
1180a010   cinit
1180a0ac   end
11805900   etext
ffffffff   pinit


GLOBAL SYMBOLS: SORTED BY Symbol Address 

address    name
--------   ----
00000001   __TI_args_main
00000400   __STACK_SIZE
11800200   .text
11800200   _GetSampleFreq
11800200   ___text__
11800208   _DSP_Init
11800228   _DSP_Init_EDMA
11800248   _InitLEDs
118002a8   _WriteLEDs
1180038c   _ReadSwitches
118003a4   _InitDigitalOutputs
118003b0   _WriteDigitalOutputs
118003c8   _Init_Interrupts
1180040c   _EnableInterrupts
11800448   _Init_Interrupts_EDMA
11800458   _EnableInterrupts_EDMA
11800498   _wait
118004cc   _Init_I2C
11800528   _Reset_I2C
11800548   _Write_I2C
1180062c   _ReadCodecData
11800650   _WriteCodecData
11800674   _CheckForOverrun
118006a4   _Init_AIC3106
118008ec   _AIC3106_write_reg
11800928   _Reset_AIC3106
11800950   _SetSampleRate_AIC3106
11800a98   _Init_McASP0
11800e28   _Init_UART2
11800ee0   _Write_UART2
11800f08   _Puts_UART2
11800f48   _Read_UART2
11800f68   _IsDataReady_UART2
11800f8c   _IsTxReady_UART2
11800fc0   __divd
11802000   _ANC_Init
118020c4   _ANC_ClampFloat
1180210c   _ANC_ProcessSample
118022c4   _ANC_BufferPair
11802378   _ANC_StreamBufferedData
11802440   __printfi
11802e60   _Codec_ISR
11803660   __divf
118038e0   __divull
118045c0   __divul
118049c0   _atoi
11804aa0   _memset
11804b80   __auto_init
11804d00   __c6xabi_divu
11804d00   __divu
11804dc0   _exit
11804e80   _ltoa
11804f40   __divli
11805120   __fixdli
11805260   _copy_in
11805300   _memcpy
118053a0   __fltlid
11805420   __llshl
118054a0   _c_int00
11805520   ___TI_cpp_init
11805580   __subcull
118055e0   _memccpy
11805640   _sprintf
118056a0   ___isinf
11805720   __args_main
11805760   __frcmpyd_div
118057a0   __llshru
11805820   __remli
11805860   __StartUp_
1180586c   _main
118058a0   __negll
118058e0   C$$EXIT
118058e0   _abort
11805900   ___etext__
11805900   _g_anc
11805900   etext
11805ab0   _g_logBuffer
11809ab0   __cleanup_ptr
11809ab4   __dtors_ptr
11809ab8   ___TI_enable_exit_profile_output
11809abc   _CodecDataIn
11809ac0   _CodecDataOut
11809ac8   __stack
11809ec8   __STACK_END
11809ec8   __ctypes_
1180a010   ___cinit__
1180a010   cinit
1180a09c   $bss
1180a09c   .bss
1180a09c   ___bss__
1180a09c   _g_logWriteIdx
1180a0a0   _g_logReadIdx
1180a0a4   _g_logOverflow
1180a0ac   ___end__
1180a0ac   end
ffffffff   ___TI_pprof_out_hndl
ffffffff   ___TI_prof_data_size
ffffffff   ___TI_prof_data_start
ffffffff   ___binit__
ffffffff   ___c_args__
ffffffff   ___pinit__
ffffffff   binit
ffffffff   pinit

[103 symbols]
